.next/types/validator.ts(42,39): error TS2307: Cannot find module '../../app/Home.js' or its corresponding type declarations.
